---
source: crates/gnr8-core/tests/snapshot_sdk.rs
expression: sdk
---
// ==== gnr8:file client.go ====
package goalservice

import (
	"context"
	"encoding/json"
	"errors"
	"io"
	"net/http"
	"net/url"
	"sort"
	"strconv"
	"strings"
	"time"
)

// Client is the goalservice SDK entrypoint. Tag-grouped operation methods hang
// off this type; it is constructed with functional options.
type Client struct {
	baseURL            string
	httpClient         *http.Client
	timeout            time.Duration
	maxRetries         int
	retryStatuses      map[int]bool
	retryUnsafeMethods bool
	requestHooks       []RequestHook
	responseHooks      []ResponseHook
	errorHooks         []ErrorHook
	defaultHeaders     http.Header
}

// Option mutates a Client during construction (functional-options pattern).
type Option func(*Client)

// Ptr returns a pointer to value for optional request fields.
func Ptr[T any](value T) *T {
	return &value
}

// MapFrom converts a typed value into its JSON object representation.
// It is useful when an API models a discriminated configuration body as
// map[string]any while callers construct one of its typed variants.
func MapFrom(value any) (map[string]any, error) {
	payload, err := json.Marshal(value)
	if err != nil {
		return nil, err
	}
	out := map[string]any{}
	if err := json.Unmarshal(payload, &out); err != nil {
		return nil, err
	}
	return out, nil
}

// WithHTTPClient overrides the default *http.Client (timeouts, transport, etc.).
func WithHTTPClient(hc *http.Client) Option {
	return func(c *Client) { c.httpClient = hc }
}

// WithHeader sets a default header on requests that do not already define it.
func WithHeader(name, value string) Option {
	return func(c *Client) { c.defaultHeaders.Set(name, value) }
}

// SetHeader replaces a default header used by subsequent requests.
// Configure headers before sharing a Client between goroutines.
func (c *Client) SetHeader(name, value string) {
	c.defaultHeaders.Set(name, value)
}

// DeleteHeader removes a default header from subsequent requests.
// Configure headers before sharing a Client between goroutines.
func (c *Client) DeleteHeader(name string) {
	c.defaultHeaders.Del(name)
}

// WithTimeout sets the client-level default request timeout.
func WithTimeout(timeout time.Duration) Option {
	return func(c *Client) { c.timeout = timeout }
}

// WithMaxRetries sets the client-level default retry count.
func WithMaxRetries(maxRetries int) Option {
	return func(c *Client) { c.maxRetries = maxRetries }
}

// WithRequestHook installs a hook that runs before each HTTP attempt.
func WithRequestHook(hook RequestHook) Option {
	return func(c *Client) { c.requestHooks = append(c.requestHooks, hook) }
}

// WithResponseHook installs a hook that runs after each HTTP response.
func WithResponseHook(hook ResponseHook) Option {
	return func(c *Client) { c.responseHooks = append(c.responseHooks, hook) }
}

// WithErrorHook installs a hook that runs for transport failures and final rejected responses.
func WithErrorHook(hook ErrorHook) Option {
	return func(c *Client) { c.errorHooks = append(c.errorHooks, hook) }
}

// RequestOptions overrides runtime behavior for one operation call.
type RequestOptions struct {
	Timeout         time.Duration
	MaxRetries      *int
	IdempotencyKey  string
	Metadata        map[string]string
	FollowRedirects bool
}

// RequestOption mutates per-request runtime options.
type RequestOption func(*RequestOptions)

// WithRequestTimeout overrides the timeout for one operation call.
func WithRequestTimeout(timeout time.Duration) RequestOption {
	return func(o *RequestOptions) { o.Timeout = timeout }
}

// WithRequestMaxRetries overrides max retries for one operation call.
func WithRequestMaxRetries(maxRetries int) RequestOption {
	return func(o *RequestOptions) { o.MaxRetries = &maxRetries }
}

// WithIdempotencyKey sets the idempotency key sent by explicitly idempotent operations.
func WithIdempotencyKey(key string) RequestOption {
	return func(o *RequestOptions) { o.IdempotencyKey = key }
}

// WithRequestMetadata attaches hook-visible metadata to one operation call.
func WithRequestMetadata(metadata map[string]string) RequestOption {
	return func(o *RequestOptions) { o.Metadata = metadata }
}

// WithFollowRedirects opts one operation call into the transport's redirect behavior.
func WithFollowRedirects(follow bool) RequestOption {
	return func(o *RequestOptions) { o.FollowRedirects = follow }
}

// RequestContext describes one generated SDK transport attempt.
type RequestContext struct {
	OperationID     string
	Method          string
	PathTemplate    string
	URL             string
	Headers         http.Header
	RequestMetadata map[string]string
	StatusCode      int
	ResponseHeaders http.Header
}

type RequestHook func(context.Context, RequestContext, *http.Request) error
type ResponseHook func(context.Context, RequestContext, *http.Response) error
type ErrorHook func(context.Context, RequestContext, error)

type runtimeRequestOptions struct {
	OperationID          string
	PathTemplate         string
	Idempotent           bool
	IdempotencyKeyHeader string
	SuccessStatuses      map[int]bool
	Options              RequestOptions
}

type cancelOnCloseReadCloser struct {
	io.ReadCloser
	cancel context.CancelFunc
}

func (body *cancelOnCloseReadCloser) Close() error {
	err := body.ReadCloser.Close()
	body.cancel()
	return err
}

// NewClient builds a Client for the given base URL, applying any options. A
// sensible default *http.Client is used unless WithHTTPClient overrides it.
func NewClient(baseURL string, opts ...Option) *Client {
	c := &Client{
		baseURL:            baseURL,
		httpClient:         &http.Client{Timeout: 30 * time.Second},
		timeout:            30 * time.Second,
		maxRetries:         0,
		retryStatuses:      map[int]bool{408: true, 429: true},
		retryUnsafeMethods: false,
		defaultHeaders:     make(http.Header),
	}
	for _, opt := range opts {
		opt(c)
	}
	return c
}

func newRequestOptions(opts ...RequestOption) RequestOptions {
	var options RequestOptions
	for _, opt := range opts {
		opt(&options)
	}
	return options
}

func (c *Client) do(req *http.Request, runtime runtimeRequestOptions) (*http.Response, error) {
	for name, values := range c.defaultHeaders {
		if len(req.Header.Values(name)) != 0 {
			continue
		}
		for _, value := range values {
			req.Header.Add(name, value)
		}
	}
	timeout := c.timeout
	if runtime.Options.Timeout > 0 {
		timeout = runtime.Options.Timeout
	}
	ctx := req.Context()
	var cancel context.CancelFunc
	if timeout > 0 {
		ctx, cancel = context.WithTimeout(ctx, timeout)
		req = req.Clone(ctx)
	}
	defer func() {
		if cancel != nil {
			cancel()
		}
	}()
	if runtime.Idempotent && runtime.Options.IdempotencyKey != "" {
		header := runtime.IdempotencyKeyHeader
		if header == "" {
			header = "Idempotency-Key"
		}
		req.Header.Set(header, runtime.Options.IdempotencyKey)
	}
	maxRetries := c.maxRetries
	if runtime.Options.MaxRetries != nil {
		maxRetries = *runtime.Options.MaxRetries
	}
	if maxRetries < 0 {
		maxRetries = 0
	}
	allowRetries := c.retryUnsafeMethods || runtime.Idempotent || retryableMethod(req.Method)
	if !allowRetries {
		maxRetries = 0
	}
	var lastErr error
	retryBudget := maxRetryDelay
	for attempt := 0; attempt <= maxRetries; attempt++ {
		attemptReq, err := cloneRequestForAttempt(req, attempt)
		if err != nil {
			return nil, err
		}
		ctx := requestContext(runtime, attemptReq)
		for _, hook := range c.requestHooks {
			if err := hook(attemptReq.Context(), ctx, attemptReq); err != nil {
				c.callErrorHooks(attemptReq.Context(), ctx, err)
				return nil, err
			}
		}
		httpClient := c.httpClient
		if !runtime.Options.FollowRedirects {
			client := *c.httpClient
			client.CheckRedirect = func(_ *http.Request, _ []*http.Request) error {
				return http.ErrUseLastResponse
			}
			httpClient = &client
		}
		resp, err := httpClient.Do(attemptReq)
		if err != nil {
			lastErr = err
			if attempt < maxRetries && retryBudget > 0 {
				// Back off before reconnecting: retrying a refused connection instantly just multiplies
				// load on a service that is already restarting. A cancelled wait returns the context error,
				// matching the status-retry path below, so errors.Is(err, context.Canceled) answers the same
				// way wherever the cancellation lands.
				wait := backoffDelay(attempt)
				if wait > retryBudget {
					wait = retryBudget
				}
				retryBudget -= wait
				if waitErr := sleepRetry(attemptReq.Context(), wait); waitErr != nil {
					c.callErrorHooks(attemptReq.Context(), ctx, waitErr)
					return nil, waitErr
				}
				continue
			}
			c.callErrorHooks(attemptReq.Context(), ctx, err)
			return nil, err
		}
		ctx.StatusCode = resp.StatusCode
		ctx.ResponseHeaders = resp.Header.Clone()
		for _, hook := range c.responseHooks {
			if err := hook(attemptReq.Context(), ctx, resp); err != nil {
				_ = resp.Body.Close()
				c.callErrorHooks(attemptReq.Context(), ctx, err)
				return nil, err
			}
		}
		if shouldRetryStatus(resp.StatusCode, c.retryStatuses) && attempt < maxRetries && retryBudget > 0 {
			_, _ = io.Copy(io.Discard, resp.Body)
			_ = resp.Body.Close()
			wait := retryDelay(resp, attempt)
			if wait > retryBudget {
				wait = retryBudget
			}
			retryBudget -= wait
			if err := sleepRetry(attemptReq.Context(), wait); err != nil {
				c.callErrorHooks(attemptReq.Context(), ctx, err)
				return nil, err
			}
			continue
		}
		if (resp.StatusCode < 200 || resp.StatusCode >= 300) && !runtime.SuccessStatuses[resp.StatusCode] {
			c.callErrorHooks(attemptReq.Context(), ctx, &APIError{StatusCode: resp.StatusCode, Headers: resp.Header.Clone(), RequestID: resp.Header.Get("X-Request-ID")})
		}
		if cancel != nil {
			resp.Body = &cancelOnCloseReadCloser{ReadCloser: resp.Body, cancel: cancel}
			cancel = nil
		}
		return resp, nil
	}
	if lastErr != nil {
		return nil, lastErr
	}
	return nil, errors.New("request failed without response")
}

func cloneRequestForAttempt(req *http.Request, attempt int) (*http.Request, error) {
	cloned := req.Clone(req.Context())
	if attempt == 0 || req.Body == nil {
		return cloned, nil
	}
	if req.GetBody == nil {
		return nil, errors.New("request body cannot be replayed for retry")
	}
	body, err := req.GetBody()
	if err != nil {
		return nil, err
	}
	cloned.Body = body
	return cloned, nil
}

func requestContext(runtime runtimeRequestOptions, req *http.Request) RequestContext {
	return RequestContext{
		OperationID:     runtime.OperationID,
		Method:          req.Method,
		PathTemplate:    runtime.PathTemplate,
		URL:             req.URL.String(),
		Headers:         req.Header.Clone(),
		RequestMetadata: runtime.Options.Metadata,
	}
}

func (c *Client) callErrorHooks(ctx context.Context, requestContext RequestContext, err error) {
	for _, hook := range c.errorHooks {
		hook(ctx, requestContext, err)
	}
}

func retryableMethod(method string) bool {
	switch method {
	case http.MethodGet, http.MethodHead, http.MethodOptions, http.MethodPut, http.MethodDelete:
		return true
	default:
		return false
	}
}

func shouldRetryStatus(status int, retryStatuses map[int]bool) bool {
	return retryStatuses[status] || status >= 500
}

// baseRetryDelay is the first transport-error backoff step; it doubles per attempt up to maxRetryDelay.
const baseRetryDelay = 100 * time.Millisecond

// maxRetryDelay caps the TOTAL time spent waiting between retries, including any server-supplied
// Retry-After. A per-wait cap alone still lets maxRetries x cap accumulate, so the budget is spent
// down across the whole retry sequence and retrying stops once it is exhausted.
const maxRetryDelay = 60 * time.Second

func retryDelay(resp *http.Response, attempt int) time.Duration {
	if resp != nil {
		if retryAfter := resp.Header.Get("Retry-After"); retryAfter != "" {
			seconds, err := strconv.Atoi(retryAfter)
			if err == nil && seconds > 0 {
				// A server may ask for an arbitrarily long wait. Honour it only up to the ceiling, so a
				// hostile or misconfigured origin cannot park the caller for hours.
				return capRetryDelay(time.Duration(seconds) * time.Second)
			}
		}
	}
	return backoffDelay(attempt)
}

func backoffDelay(attempt int) time.Duration {
	if attempt < 0 {
		attempt = 0
	}
	if attempt > 32 {
		return maxRetryDelay
	}
	return capRetryDelay(baseRetryDelay << attempt)
}

func capRetryDelay(d time.Duration) time.Duration {
	if d > maxRetryDelay {
		return maxRetryDelay
	}
	return d
}

// sleepRetry waits out a retry delay while remaining cancellable: without the ctx arm an aborted
// or timed-out request still blocks for the full delay before anyone notices.
func sleepRetry(ctx context.Context, d time.Duration) error {
	if d <= 0 {
		return ctx.Err()
	}
	timer := time.NewTimer(d)
	defer timer.Stop()
	select {
	case <-ctx.Done():
		return ctx.Err()
	case <-timer.C:
		return nil
	}
}

// wireEscape percent-encodes one path segment, query name or value, or cookie name or value:
// every byte but an unreserved one (A-Z a-z 0-9 - . _ ~) becomes %XX, so a space is %20.
func wireEscape(value string) string {
	return strings.ReplaceAll(url.QueryEscape(value), "+", "%20")
}

// encodeWireQuery writes a query string with wireEscape: names sorted, each name's values in
// order. A value allowReserved marks keeps the reserved characters RFC 3986 lets it carry.
func encodeWireQuery(values url.Values, allowReserved map[string]map[int]bool) string {
	keys := make([]string, 0, len(values))
	for key := range values {
		keys = append(keys, key)
	}
	sort.Strings(keys)
	parts := make([]string, 0)
	for _, key := range keys {
		for index, value := range values[key] {
			encoded := wireEscape(value)
			if allowReserved[key][index] {
				encoded = strings.NewReplacer(
					"%3A", ":", "%2F", "/", "%3F", "?", "%23", "#", "%5B", "[", "%5D", "]",
					"%40", "@", "%21", "!", "%24", "$", "%26", "&", "%27", "'", "%28", "(",
					"%29", ")", "%2A", "*", "%2B", "+", "%2C", ",", "%3B", ";", "%3D", "=",
				).Replace(encoded)
			}
			parts = append(parts, wireEscape(key)+"="+encoded)
		}
	}
	return strings.Join(parts, "&")
}
// ==== gnr8:file errors.go ====
package goalservice

import (
	"errors"
	"fmt"
	"net/http"
)

// APIError is returned by operation methods on rejected HTTP responses. It exposes the
// HTTP status, response metadata, raw body, parsed JSON body, and decoded error body.
type APIError struct {
	StatusCode int
	Headers    http.Header
	RequestID  string
	RawBody    []byte
	JSONBody   any
	Body       any
	Message    string
	Slug       string
	Hints      []string
}

// Error implements the error interface.
func (e *APIError) Error() string {
	return fmt.Sprintf("goalservice: %d %s (%s)", e.StatusCode, e.Message, e.Slug)
}

// IsNotFound reports whether the error is a 404.
func (e *APIError) IsNotFound() bool {
	return e.StatusCode == 404
}

// ErrorStatusCode returns the HTTP status carried by an APIError, or zero for
// non-HTTP errors.
func ErrorStatusCode(err error) int {
	var apiError *APIError
	if errors.As(err, &apiError) {
		return apiError.StatusCode
	}
	return 0
}

// ErrorRawBody returns the response body carried by an APIError, or nil for
// non-HTTP errors. The returned bytes are a copy and may be modified by the caller.
func ErrorRawBody(err error) []byte {
	var apiError *APIError
	if !errors.As(err, &apiError) {
		return nil
	}
	return append([]byte(nil), apiError.RawBody...)
}

// AuthConfigurationError reports that no configured credential set satisfies an operation.
type AuthConfigurationError struct {
	OperationID string
}

// Error implements the error interface.
func (e *AuthConfigurationError) Error() string {
	return fmt.Sprintf("goalservice: no configured credentials satisfy operation %s", e.OperationID)
}

func apiErrorObject(body any) map[string]any {
	object, ok := body.(map[string]any)
	if !ok {
		return nil
	}
	return object
}

func apiErrorStringField(body any, key string) string {
	object := apiErrorObject(body)
	if object == nil {
		return ""
	}
	v := object[key]
	switch value := v.(type) {
	case string:
		return value
	default:
		return ""
	}
}

func apiErrorStringSliceField(body any, key string) []string {
	object := apiErrorObject(body)
	if object == nil {
		return nil
	}
	v := object[key]
	switch value := v.(type) {
	case []string:
		return value
	case []any:
		out := make([]string, 0, len(value))
		for _, item := range value {
			text, ok := item.(string)
			if !ok {
				continue
			}
			out = append(out, text)
		}
		return out
	default:
		return nil
	}
}
// ==== gnr8:file models.go ====
package goalservice

import "time"

type CommandMessage struct {
	Message string `json:"message"`
}

type CommandMessageWithUUID struct {
	Message string `json:"message"`
	UUID    string `json:"uuid"`
}

type CreateGoalInput struct {
	AnalyticsQuery   *GoalAnalyticsQueryInput `json:"analyticsQuery"`
	Description      **string                 `json:"description,omitempty"`
	Name             string                   `json:"name"`
	TargetDirection  **TargetDirection        `json:"targetDirection,omitempty"`
	TargetValue      **float64                `json:"targetValue,omitempty"`
	WorkflowChainIDs *[]string                `json:"workflowChainIds,omitempty"`
}

type GoalAnalyticsQueryInput struct {
	IncludePast **bool  `json:"includePast,omitempty"`
	Metric      string  `json:"metric"`
	WindowDays  **int64 `json:"windowDays,omitempty"`
}

type GoalAnalyticsQueryOutput struct {
	IncludePast *bool  `json:"includePast,omitempty"`
	Metric      string `json:"metric"`
	WindowDays  int64  `json:"windowDays"`
}

type GoalResponse struct {
	AnalyticsQuery  GoalAnalyticsQueryOutput `json:"analyticsQuery"`
	CreatedAt       time.Time                `json:"createdAt"`
	Description     *string                  `json:"description,omitempty"`
	Metadata        map[string]any           `json:"metadata,omitempty"`
	Name            string                   `json:"name"`
	TargetDirection *TargetDirection         `json:"targetDirection,omitempty"`
	TargetValue     *float64                 `json:"targetValue,omitempty"`
	UUID            string                   `json:"uuid"`
}

type HttpError struct {
	Hints   []string `json:"hints,omitempty"`
	Message string   `json:"message"`
	Slug    *string  `json:"slug,omitempty"`
}

type ListGoalsOutput struct {
	Goals      []GoalResponse `json:"goals"`
	NextCursor *string        `json:"nextCursor,omitempty"`
	PageSize   int64          `json:"pageSize"`
	Total      int64          `json:"total"`
}

type TargetDirection string

const (
	TargetDirectionGte TargetDirection = "gte"
	TargetDirectionLte TargetDirection = "lte"
)

type UpdateGoalInput struct {
	AnalyticsQuery   **GoalAnalyticsQueryInput `json:"analyticsQuery,omitempty"`
	Description      **string                  `json:"description,omitempty"`
	Name             **string                  `json:"name,omitempty"`
	TargetDirection  **TargetDirection         `json:"targetDirection,omitempty"`
	TargetValue      **float64                 `json:"targetValue,omitempty"`
	WorkflowChainIDs *[]string                 `json:"workflowChainIds,omitempty"`
}
// ==== gnr8:file operations.go ====
package goalservice

import (
	"bytes"
	"context"
	"encoding/json"
	"fmt"
	"io"
	"net/http"
)

// CreateGoal Creates a goal for the calling actor.
//
// The goal starts in the pending state and is assigned a server-generated
// identifier, which is returned in the response.
//
// POST /goal/
func (c *Client) CreateGoal(ctx context.Context, in CreateGoalInput, opts ...RequestOption) (CommandMessageWithUUID, error) {
	var out CommandMessageWithUUID
	payload, err := json.Marshal(in)
	if err != nil {
		return out, err
	}
	reqBody := bytes.NewReader(payload)
	reqURL := c.baseURL + "/goal/"
	req, err := http.NewRequestWithContext(ctx, "POST", reqURL, reqBody)
	if err != nil {
		return out, err
	}
	req.Header.Set("Content-Type", "application/json")
	resp, err := c.do(req, runtimeRequestOptions{
		OperationID:          "createGoal",
		PathTemplate:         "/",
		Idempotent:           false,
		IdempotencyKeyHeader: "Idempotency-Key",
		SuccessStatuses: map[int]bool{
			201: true,
		},
		Options: newRequestOptions(opts...),
	})
	if err != nil {
		return out, err
	}
	defer resp.Body.Close()
	if resp.StatusCode < 200 || resp.StatusCode >= 300 {
		rawBody, _ := io.ReadAll(resp.Body)
		var jsonBody any
		if len(rawBody) > 0 {
			_ = json.Unmarshal(rawBody, &jsonBody)
		}
		var typedBody any
		switch resp.StatusCode {
		case 400:
			var decoded HttpError
			if len(rawBody) > 0 {
				_ = json.Unmarshal(rawBody, &decoded)
			}
			typedBody = decoded
		}
		if typedBody == nil {
			typedBody = jsonBody
		}
		return out, &APIError{
			StatusCode: resp.StatusCode,
			Headers:    resp.Header.Clone(),
			RequestID:  resp.Header.Get("X-Request-ID"),
			RawBody:    rawBody,
			JSONBody:   jsonBody,
			Body:       typedBody,
			Message:    apiErrorStringField(jsonBody, "message"),
			Slug:       apiErrorStringField(jsonBody, "slug"),
			Hints:      apiErrorStringSliceField(jsonBody, "hints"),
		}
	}
	if resp.StatusCode == 201 {
		if err := json.NewDecoder(resp.Body).Decode(&out); err != nil {
			return out, err
		}
		return out, nil
	}
	return out, &APIError{StatusCode: resp.StatusCode}
}

// ListGoalsParams carries the query parameters for ListGoals.
type ListGoalsParams struct {
	Aggregation *string
	Cursor      *string
	PageSize    *string
}

// ListGoals Returns a page of goals for the calling actor.
//
// Results are ordered newest first and paginated with an opaque cursor. Pass the
// cursor from the previous page to continue; omit it to start from the beginning.
//
// GET /goal/list
func (c *Client) ListGoals(ctx context.Context, params ListGoalsParams, opts ...RequestOption) (ListGoalsOutput, error) {
	var out ListGoalsOutput
	reqURL := c.baseURL + "/goal/list"
	req, err := http.NewRequestWithContext(ctx, "GET", reqURL, nil)
	if err != nil {
		return out, err
	}
	q := req.URL.Query()
	if params.Aggregation != nil {
		q.Set("aggregation", *params.Aggregation)
	}
	if params.Cursor != nil {
		q.Set("cursor", *params.Cursor)
	}
	if params.PageSize != nil {
		q.Set("page_size", *params.PageSize)
	}
	req.URL.RawQuery = encodeWireQuery(q, nil)
	resp, err := c.do(req, runtimeRequestOptions{
		OperationID:          "listGoals",
		PathTemplate:         "/list",
		Idempotent:           false,
		IdempotencyKeyHeader: "Idempotency-Key",
		SuccessStatuses: map[int]bool{
			200: true,
		},
		Options: newRequestOptions(opts...),
	})
	if err != nil {
		return out, err
	}
	defer resp.Body.Close()
	if resp.StatusCode < 200 || resp.StatusCode >= 300 {
		rawBody, _ := io.ReadAll(resp.Body)
		var jsonBody any
		if len(rawBody) > 0 {
			_ = json.Unmarshal(rawBody, &jsonBody)
		}
		var typedBody any
		if typedBody == nil {
			typedBody = jsonBody
		}
		return out, &APIError{
			StatusCode: resp.StatusCode,
			Headers:    resp.Header.Clone(),
			RequestID:  resp.Header.Get("X-Request-ID"),
			RawBody:    rawBody,
			JSONBody:   jsonBody,
			Body:       typedBody,
			Message:    apiErrorStringField(jsonBody, "message"),
			Slug:       apiErrorStringField(jsonBody, "slug"),
			Hints:      apiErrorStringSliceField(jsonBody, "hints"),
		}
	}
	if resp.StatusCode == 200 {
		if err := json.NewDecoder(resp.Body).Decode(&out); err != nil {
			return out, err
		}
		return out, nil
	}
	return out, &APIError{StatusCode: resp.StatusCode}
}

// DeleteGoal Permanently removes one goal.
//
// DELETE /goal/{uuid}
func (c *Client) DeleteGoal(ctx context.Context, uuid string, opts ...RequestOption) (CommandMessage, error) {
	var out CommandMessage
	reqURL := c.baseURL + fmt.Sprintf("/goal/%s", wireEscape(fmt.Sprint(uuid)))
	req, err := http.NewRequestWithContext(ctx, "DELETE", reqURL, nil)
	if err != nil {
		return out, err
	}
	resp, err := c.do(req, runtimeRequestOptions{
		OperationID:          "deleteGoal",
		PathTemplate:         "/{uuid}",
		Idempotent:           false,
		IdempotencyKeyHeader: "Idempotency-Key",
		SuccessStatuses: map[int]bool{
			200: true,
		},
		Options: newRequestOptions(opts...),
	})
	if err != nil {
		return out, err
	}
	defer resp.Body.Close()
	if resp.StatusCode < 200 || resp.StatusCode >= 300 {
		rawBody, _ := io.ReadAll(resp.Body)
		var jsonBody any
		if len(rawBody) > 0 {
			_ = json.Unmarshal(rawBody, &jsonBody)
		}
		var typedBody any
		switch resp.StatusCode {
		case 400:
			var decoded HttpError
			if len(rawBody) > 0 {
				_ = json.Unmarshal(rawBody, &decoded)
			}
			typedBody = decoded
		}
		if typedBody == nil {
			typedBody = jsonBody
		}
		return out, &APIError{
			StatusCode: resp.StatusCode,
			Headers:    resp.Header.Clone(),
			RequestID:  resp.Header.Get("X-Request-ID"),
			RawBody:    rawBody,
			JSONBody:   jsonBody,
			Body:       typedBody,
			Message:    apiErrorStringField(jsonBody, "message"),
			Slug:       apiErrorStringField(jsonBody, "slug"),
			Hints:      apiErrorStringSliceField(jsonBody, "hints"),
		}
	}
	if resp.StatusCode == 200 {
		if err := json.NewDecoder(resp.Body).Decode(&out); err != nil {
			return out, err
		}
		return out, nil
	}
	return out, &APIError{StatusCode: resp.StatusCode}
}

// UpdateGoal Replaces the mutable fields of one goal.
//
// The goal is identified by its uuid. Fields omitted from the payload are left
// unchanged; the goal's identifier and creation time are never modified.
//
// PUT /goal/{uuid}
func (c *Client) UpdateGoal(ctx context.Context, uuid string, in UpdateGoalInput, opts ...RequestOption) (CommandMessage, error) {
	var out CommandMessage
	payload, err := json.Marshal(in)
	if err != nil {
		return out, err
	}
	reqBody := bytes.NewReader(payload)
	reqURL := c.baseURL + fmt.Sprintf("/goal/%s", wireEscape(fmt.Sprint(uuid)))
	req, err := http.NewRequestWithContext(ctx, "PUT", reqURL, reqBody)
	if err != nil {
		return out, err
	}
	req.Header.Set("Content-Type", "application/json")
	resp, err := c.do(req, runtimeRequestOptions{
		OperationID:          "updateGoal",
		PathTemplate:         "/{uuid}",
		Idempotent:           false,
		IdempotencyKeyHeader: "Idempotency-Key",
		SuccessStatuses: map[int]bool{
			200: true,
		},
		Options: newRequestOptions(opts...),
	})
	if err != nil {
		return out, err
	}
	defer resp.Body.Close()
	if resp.StatusCode < 200 || resp.StatusCode >= 300 {
		rawBody, _ := io.ReadAll(resp.Body)
		var jsonBody any
		if len(rawBody) > 0 {
			_ = json.Unmarshal(rawBody, &jsonBody)
		}
		var typedBody any
		switch resp.StatusCode {
		case 400:
			var decoded HttpError
			if len(rawBody) > 0 {
				_ = json.Unmarshal(rawBody, &decoded)
			}
			typedBody = decoded
		}
		if typedBody == nil {
			typedBody = jsonBody
		}
		return out, &APIError{
			StatusCode: resp.StatusCode,
			Headers:    resp.Header.Clone(),
			RequestID:  resp.Header.Get("X-Request-ID"),
			RawBody:    rawBody,
			JSONBody:   jsonBody,
			Body:       typedBody,
			Message:    apiErrorStringField(jsonBody, "message"),
			Slug:       apiErrorStringField(jsonBody, "slug"),
			Hints:      apiErrorStringSliceField(jsonBody, "hints"),
		}
	}
	if resp.StatusCode == 200 {
		if err := json.NewDecoder(resp.Body).Decode(&out); err != nil {
			return out, err
		}
		return out, nil
	}
	return out, &APIError{StatusCode: resp.StatusCode}
}
