---
source: crates/gnr8-core/tests/snapshot_graph.rs
expression: graph
---
module: github.com/gnr8/gnr8-fixtures/goalservice
operations:
  - id: createGoal
    method: POST
    path: /
    handler: createGoal
    summary: Creates a goal for the calling actor.
    description: "The goal starts in the pending state and is assigned a server-generated\nidentifier, which is returned in the response."
    middleware:
      - AuthMiddleware
    params: []
    request_body:
      ref_id: internal/common/dto.CreateGoalInput
      provenance:
        file: internal/goal/ports/handlers.go
        start_line: 19
        end_line: 19
    request_body_content_type: application/json
    responses:
      - status: 201
        body:
          ref_id: internal/common/dto.CommandMessageWithUUID
        content_types:
          - application/json
      - status: 400
        body:
          ref_id: internal/common/dto.HttpError
        content_types:
          - application/json
    provenance:
      file: internal/goal/ports/http.go
      start_line: 55
      end_line: 55
  - id: listGoals
    method: GET
    path: /list
    handler: listGoals
    summary: Returns a page of goals for the calling actor.
    description: "Results are ordered newest first and paginated with an opaque cursor. Pass the\ncursor from the previous page to continue; omit it to start from the beginning."
    middleware:
      - AuthMiddleware
    params:
      - name: aggregation
        location: query
        required: false
        schema:
          type: primitive
          of:
            prim: string
        provenance:
          file: internal/goal/ports/handlers.go
          start_line: 48
          end_line: 48
      - name: cursor
        location: query
        required: false
        schema:
          type: primitive
          of:
            prim: string
        provenance:
          file: internal/goal/ports/handlers.go
          start_line: 46
          end_line: 46
      - name: page_size
        location: query
        required: false
        schema:
          type: primitive
          of:
            prim: string
        provenance:
          file: internal/goal/ports/handlers.go
          start_line: 47
          end_line: 47
    request_body: ~
    responses:
      - status: 200
        body:
          ref_id: internal/common/dto.ListGoalsOutput
        content_types:
          - application/json
    provenance:
      file: internal/goal/ports/http.go
      start_line: 56
      end_line: 56
  - id: deleteGoal
    method: DELETE
    path: "/{uuid}"
    handler: deleteGoal
    summary: Permanently removes one goal.
    middleware:
      - AuthMiddleware
    params:
      - name: uuid
        location: path
        required: true
        schema:
          type: primitive
          of:
            prim: string
        provenance:
          file: internal/goal/ports/handlers.go
          start_line: 92
          end_line: 92
    request_body: ~
    responses:
      - status: 200
        body:
          ref_id: internal/common/dto.CommandMessage
        content_types:
          - application/json
      - status: 400
        body:
          ref_id: internal/common/dto.HttpError
        content_types:
          - application/json
    provenance:
      file: internal/goal/ports/http.go
      start_line: 58
      end_line: 58
  - id: updateGoal
    method: PUT
    path: "/{uuid}"
    handler: updateGoal
    summary: Replaces the mutable fields of one goal.
    description: "The goal is identified by its uuid. Fields omitted from the payload are left\nunchanged; the goal's identifier and creation time are never modified."
    middleware:
      - AuthMiddleware
    params:
      - name: uuid
        location: path
        required: true
        schema:
          type: primitive
          of:
            prim: string
        provenance:
          file: internal/goal/ports/handlers.go
          start_line: 67
          end_line: 67
    request_body:
      ref_id: internal/common/dto.UpdateGoalInput
      provenance:
        file: internal/goal/ports/handlers.go
        start_line: 77
        end_line: 77
    request_body_content_type: application/json
    responses:
      - status: 200
        body:
          ref_id: internal/common/dto.CommandMessage
        content_types:
          - application/json
      - status: 400
        body:
          ref_id: internal/common/dto.HttpError
        content_types:
          - application/json
    provenance:
      file: internal/goal/ports/http.go
      start_line: 57
      end_line: 57
schemas:
  - id: internal/common/dto.CommandMessage
    name: CommandMessage
    body:
      type: object
      of:
        - json_name: message
          serializer_may_omit: false
          deserializer_accepts_absent: true
          deserializer_accepts_null: true
          serializer_may_emit_null: false
          validator_requires_presence: true
          validator_rejects_null: true
          schema:
            type: primitive
            of:
              prim: string
          description: ~
          example: ~
    provenance:
      file: internal/common/dto/common.go
      start_line: 25
      end_line: 25
  - id: internal/common/dto.CommandMessageWithUUID
    name: CommandMessageWithUUID
    body:
      type: object
      of:
        - json_name: message
          serializer_may_omit: false
          deserializer_accepts_absent: true
          deserializer_accepts_null: true
          serializer_may_emit_null: false
          validator_requires_presence: true
          validator_rejects_null: true
          schema:
            type: primitive
            of:
              prim: string
          description: ~
          example: ~
        - json_name: uuid
          serializer_may_omit: false
          deserializer_accepts_absent: true
          deserializer_accepts_null: true
          serializer_may_emit_null: false
          validator_requires_presence: true
          validator_rejects_null: true
          schema:
            type: well_known
            of: uuid
          description: ~
          example: ~
    provenance:
      file: internal/common/dto/common.go
      start_line: 32
      end_line: 32
  - id: internal/common/dto.CreateGoalInput
    name: CreateGoalInput
    body:
      type: object
      of:
        - json_name: analyticsQuery
          serializer_may_omit: false
          deserializer_accepts_absent: true
          deserializer_accepts_null: true
          serializer_may_emit_null: false
          validator_requires_presence: true
          validator_rejects_null: false
          schema:
            type: named
            of: internal/common/dto.GoalAnalyticsQuery
          description: ~
          example: ~
        - json_name: description
          serializer_may_omit: false
          deserializer_accepts_absent: true
          deserializer_accepts_null: true
          serializer_may_emit_null: false
          validator_requires_presence: false
          validator_rejects_null: false
          schema:
            type: primitive
            of:
              prim: string
          description: Longer explanation
          example: ~
        - json_name: name
          serializer_may_omit: false
          deserializer_accepts_absent: true
          deserializer_accepts_null: true
          serializer_may_emit_null: false
          validator_requires_presence: true
          validator_rejects_null: true
          schema:
            type: primitive
            of:
              prim: string
          description: Short human-readable goal name
          example: ~
        - json_name: targetDirection
          serializer_may_omit: true
          deserializer_accepts_absent: true
          deserializer_accepts_null: true
          serializer_may_emit_null: false
          validator_requires_presence: false
          validator_rejects_null: false
          schema:
            type: named
            of: internal/common/dto.TargetDirection
          description: ~
          example: ~
        - json_name: targetValue
          serializer_may_omit: true
          deserializer_accepts_absent: true
          deserializer_accepts_null: true
          serializer_may_emit_null: false
          validator_requires_presence: false
          validator_rejects_null: false
          schema:
            type: primitive
            of:
              prim: float
              bits: 64
          description: ~
          example: ~
        - json_name: workflowChainIds
          serializer_may_omit: true
          deserializer_accepts_absent: true
          deserializer_accepts_null: true
          serializer_may_emit_null: false
          validator_requires_presence: false
          validator_rejects_null: false
          schema:
            type: array
            of:
              type: well_known
              of: uuid
          description: ~
          example: ~
    provenance:
      file: internal/common/dto/goal.go
      start_line: 28
      end_line: 28
  - id: internal/common/dto.GoalAnalyticsQuery
    name: GoalAnalyticsQuery
    body:
      type: object
      of:
        - json_name: includePast
          serializer_may_omit: true
          deserializer_accepts_absent: true
          deserializer_accepts_null: true
          serializer_may_emit_null: false
          validator_requires_presence: false
          validator_rejects_null: false
          schema:
            type: primitive
            of:
              prim: bool
          description: Whether to include historical data points
          example: ~
        - json_name: metric
          serializer_may_omit: false
          deserializer_accepts_absent: true
          deserializer_accepts_null: true
          serializer_may_emit_null: false
          validator_requires_presence: true
          validator_rejects_null: true
          schema:
            type: primitive
            of:
              prim: string
          description: Analytics metric to evaluate
          example: ~
        - json_name: windowDays
          serializer_may_omit: false
          deserializer_accepts_absent: true
          deserializer_accepts_null: true
          serializer_may_emit_null: false
          validator_requires_presence: false
          validator_rejects_null: false
          schema:
            type: primitive
            of:
              prim: int
              bits: 32
              signed: true
          description: Rolling window size in days
          example: ~
    provenance:
      file: internal/common/dto/goal.go
      start_line: 11
      end_line: 11
  - id: internal/common/dto.GoalResponse
    name: GoalResponse
    body:
      type: object
      of:
        - json_name: analyticsQuery
          serializer_may_omit: false
          deserializer_accepts_absent: true
          deserializer_accepts_null: true
          serializer_may_emit_null: false
          validator_requires_presence: false
          validator_rejects_null: false
          schema:
            type: named
            of: internal/common/dto.GoalAnalyticsQuery
          description: ~
          example: ~
        - json_name: createdAt
          serializer_may_omit: false
          deserializer_accepts_absent: true
          deserializer_accepts_null: true
          serializer_may_emit_null: false
          validator_requires_presence: false
          validator_rejects_null: false
          schema:
            type: well_known
            of: date_time
          description: ~
          example: ~
        - json_name: description
          serializer_may_omit: true
          deserializer_accepts_absent: true
          deserializer_accepts_null: true
          serializer_may_emit_null: false
          validator_requires_presence: false
          validator_rejects_null: false
          schema:
            type: primitive
            of:
              prim: string
          description: ~
          example: ~
        - json_name: metadata
          serializer_may_omit: true
          deserializer_accepts_absent: true
          deserializer_accepts_null: true
          serializer_may_emit_null: false
          validator_requires_presence: false
          validator_rejects_null: false
          schema:
            type: any
            of: {}
          description: ~
          example: ~
        - json_name: name
          serializer_may_omit: false
          deserializer_accepts_absent: true
          deserializer_accepts_null: true
          serializer_may_emit_null: false
          validator_requires_presence: true
          validator_rejects_null: true
          schema:
            type: primitive
            of:
              prim: string
          description: ~
          example: ~
        - json_name: targetDirection
          serializer_may_omit: true
          deserializer_accepts_absent: true
          deserializer_accepts_null: true
          serializer_may_emit_null: false
          validator_requires_presence: false
          validator_rejects_null: false
          schema:
            type: named
            of: internal/common/dto.TargetDirection
          description: ~
          example: ~
        - json_name: targetValue
          serializer_may_omit: true
          deserializer_accepts_absent: true
          deserializer_accepts_null: true
          serializer_may_emit_null: false
          validator_requires_presence: false
          validator_rejects_null: false
          schema:
            type: primitive
            of:
              prim: float
              bits: 64
          description: ~
          example: ~
        - json_name: uuid
          serializer_may_omit: false
          deserializer_accepts_absent: true
          deserializer_accepts_null: true
          serializer_may_emit_null: false
          validator_requires_presence: true
          validator_rejects_null: true
          schema:
            type: well_known
            of: uuid
          description: ~
          example: ~
    provenance:
      file: internal/common/dto/goal.go
      start_line: 52
      end_line: 52
  - id: internal/common/dto.HttpError
    name: HttpError
    body:
      type: object
      of:
        - json_name: hints
          serializer_may_omit: true
          deserializer_accepts_absent: true
          deserializer_accepts_null: true
          serializer_may_emit_null: false
          validator_requires_presence: false
          validator_rejects_null: false
          schema:
            type: array
            of:
              type: primitive
              of:
                prim: string
          description: ~
          example: "hint 1,hint 2"
        - json_name: message
          serializer_may_omit: false
          deserializer_accepts_absent: true
          deserializer_accepts_null: true
          serializer_may_emit_null: false
          validator_requires_presence: true
          validator_rejects_null: true
          schema:
            type: primitive
            of:
              prim: string
          description: ~
          example: error message
        - json_name: slug
          serializer_may_omit: true
          deserializer_accepts_absent: true
          deserializer_accepts_null: true
          serializer_may_emit_null: false
          validator_requires_presence: false
          validator_rejects_null: false
          schema:
            type: primitive
            of:
              prim: string
          description: ~
          example: error-slug
    provenance:
      file: internal/common/dto/common.go
      start_line: 18
      end_line: 18
  - id: internal/common/dto.ListGoalsOutput
    name: ListGoalsOutput
    body:
      type: object
      of:
        - json_name: goals
          serializer_may_omit: false
          deserializer_accepts_absent: true
          deserializer_accepts_null: true
          serializer_may_emit_null: true
          validator_requires_presence: false
          validator_rejects_null: false
          schema:
            type: array
            of:
              type: named
              of: internal/common/dto.GoalResponse
          description: ~
          example: ~
        - json_name: nextCursor
          serializer_may_omit: true
          deserializer_accepts_absent: true
          deserializer_accepts_null: true
          serializer_may_emit_null: false
          validator_requires_presence: false
          validator_rejects_null: false
          schema:
            type: well_known
            of: uuid
          description: ~
          example: ~
        - json_name: pageSize
          serializer_may_omit: false
          deserializer_accepts_absent: true
          deserializer_accepts_null: true
          serializer_may_emit_null: false
          validator_requires_presence: false
          validator_rejects_null: false
          schema:
            type: primitive
            of:
              prim: int
              bits: 32
              signed: true
          description: ~
          example: ~
        - json_name: total
          serializer_may_omit: false
          deserializer_accepts_absent: true
          deserializer_accepts_null: true
          serializer_may_emit_null: false
          validator_requires_presence: false
          validator_rejects_null: false
          schema:
            type: primitive
            of:
              prim: int
              bits: 64
              signed: true
          description: ~
          example: ~
    provenance:
      file: internal/common/dto/goal.go
      start_line: 67
      end_line: 67
  - id: internal/common/dto.TargetDirection
    name: TargetDirection
    body:
      type: enum
      of:
        - gte
        - lte
    enum_source_order:
      - gte
      - lte
    provenance:
      file: internal/common/dto/common.go
      start_line: 39
      end_line: 39
  - id: internal/common/dto.UpdateGoalInput
    name: UpdateGoalInput
    body:
      type: object
      of:
        - json_name: analyticsQuery
          serializer_may_omit: true
          deserializer_accepts_absent: true
          deserializer_accepts_null: true
          serializer_may_emit_null: false
          validator_requires_presence: false
          validator_rejects_null: false
          schema:
            type: named
            of: internal/common/dto.GoalAnalyticsQuery
          description: ~
          example: ~
        - json_name: description
          serializer_may_omit: true
          deserializer_accepts_absent: true
          deserializer_accepts_null: true
          serializer_may_emit_null: false
          validator_requires_presence: false
          validator_rejects_null: false
          schema:
            type: primitive
            of:
              prim: string
          description: Updated explanation
          example: ~
        - json_name: name
          serializer_may_omit: true
          deserializer_accepts_absent: true
          deserializer_accepts_null: true
          serializer_may_emit_null: false
          validator_requires_presence: false
          validator_rejects_null: false
          schema:
            type: primitive
            of:
              prim: string
          description: Updated goal name
          example: ~
        - json_name: targetDirection
          serializer_may_omit: true
          deserializer_accepts_absent: true
          deserializer_accepts_null: true
          serializer_may_emit_null: false
          validator_requires_presence: false
          validator_rejects_null: false
          schema:
            type: named
            of: internal/common/dto.TargetDirection
          description: ~
          example: ~
        - json_name: targetValue
          serializer_may_omit: true
          deserializer_accepts_absent: true
          deserializer_accepts_null: true
          serializer_may_emit_null: false
          validator_requires_presence: false
          validator_rejects_null: false
          schema:
            type: primitive
            of:
              prim: float
              bits: 64
          description: ~
          example: ~
        - json_name: workflowChainIds
          serializer_may_omit: true
          deserializer_accepts_absent: true
          deserializer_accepts_null: true
          serializer_may_emit_null: false
          validator_requires_presence: false
          validator_rejects_null: false
          schema:
            type: array
            of:
              type: well_known
              of: uuid
          description: ~
          example: ~
    provenance:
      file: internal/common/dto/goal.go
      start_line: 39
      end_line: 39
diagnostics:
  - code: schema.free_form_map
    severity: INFO
    category: schema
    message: "free-form map field: GoalResponse.Metadata (map[string]any) lowers to additionalProperties: true (TARGET-API.md §5.1)"
    file: internal/common/dto/goal.go
    line: 62
    span:
      file: internal/common/dto/goal.go
      start_line: 62
      end_line: 62
    schema: GoalResponse
    subject: Metadata
  - code: request.parameter.unresolved
    severity: WARN
    category: request_parameter
    message: "untyped query param 'cursor' on GET /list: read via c.Query with no binding struct; param type/required-ness under-specified, type inferred as string only (TARGET-API.md §5.4)"
    file: internal/goal/ports/handlers.go
    line: 46
    span:
      file: internal/goal/ports/handlers.go
      start_line: 46
      end_line: 46
    operation: GET /list
    subject: cursor
  - code: request.parameter.unresolved
    severity: WARN
    category: request_parameter
    message: "untyped query param 'page_size' on GET /list: read via c.Query with no binding struct; param type/required-ness under-specified, type inferred as string only (TARGET-API.md §5.4)"
    file: internal/goal/ports/handlers.go
    line: 47
    span:
      file: internal/goal/ports/handlers.go
      start_line: 47
      end_line: 47
    operation: GET /list
    subject: page_size
  - code: request.parameter.unresolved
    severity: WARN
    category: request_parameter
    message: "untyped query param 'aggregation' on GET /list: read via c.Query with no binding struct; param type/required-ness under-specified, type inferred as string only (TARGET-API.md §5.4)"
    file: internal/goal/ports/handlers.go
    line: 48
    span:
      file: internal/goal/ports/handlers.go
      start_line: 48
      end_line: 48
    operation: GET /list
    subject: aggregation
  - code: source.route.unresolved
    severity: WARN
    category: source
    message: "unsupported Gin route pattern: dynamic Gin group prefix; prefix skipped rather than guessed (GO-04)"
    file: internal/goal/ports/http.go
    line: 52
    span:
      file: internal/goal/ports/http.go
      start_line: 52
      end_line: 52
base_path: /
title: API
security: []
